[0m10:51:54.194472 [debug] [MainThread]: Sending event: {'category': 'dbt', 'action': 'invocation', 'label': 'start', 'context': [<snowplow_tracker.self_describing_json.SelfDescribingJson object at 0x10ce95190>, <snowplow_tracker.self_describing_json.SelfDescribingJson object at 0x10d5907d0>, <snowplow_tracker.self_describing_json.SelfDescribingJson object at 0x10cce5b20>]}


============================== 10:51:54.194871 | 250ef84f-d48e-458b-a2a5-a33a4b4f9053 ==============================
[0m10:51:54.194871 [info ] [MainThread]: Running with dbt=1.12.3
[0m10:51:54.195234 [debug] [MainThread]: running dbt with arguments {'version_check': 'True', 'warn_error_options': 'WarnErrorOptionsV2(error=[], warn=[], silence=[])', 'fail_fast': 'False', 'indirect_selection': 'eager', 'quiet': 'False', 'warn_error': 'None', 'static_parser': 'True', 'cache_selected_only': 'False', 'log_format': 'default', 'send_anonymous_usage_stats': 'True', 'use_experimental_parser': 'False', 'hints_enabled': 'True', 'log_path': '/Users/alvarosantosandres/personal/datahub-local-ai/workflows/dbt/projects/example_db/logs', 'printer_width': '80', 'use_colors': 'True', 'empty': 'None', 'partial_parse': 'True', 'profiles_dir': '/Users/alvarosantosandres/personal/datahub-local-ai/workflows/dbt/projects/example_db', 'target_path': 'None', 'debug': 'False', 'invocation_command': 'dbt tests/ --ignore=tests/example_db/test_integration.py -q', 'introspect': 'True', 'no_print': 'None', 'write_json': 'True', 'log_cache_events': 'False', 'maximum_seed_size_mib': '1'}
[0m10:51:54.206218 [debug] [MainThread]: Sending event: {'category': 'dbt', 'action': 'project_id', 'label': '250ef84f-d48e-458b-a2a5-a33a4b4f9053', 'context': [<snowplow_tracker.self_describing_json.SelfDescribingJson object at 0x10d26a990>]}
[0m10:51:54.207174 [debug] [MainThread]: Sending event: {'category': 'dbt', 'action': 'adapter_info', 'label': '250ef84f-d48e-458b-a2a5-a33a4b4f9053', 'context': [<snowplow_tracker.self_describing_json.SelfDescribingJson object at 0x106cc8830>]}
[0m10:51:54.207771 [info ] [MainThread]: Registered adapter: duckdb=1.11.0
[0m10:51:54.214373 [debug] [MainThread]: checksum: 6be0382834d410792f403e1604e297c9124fe5b16348aa0a9deb14d600231531, vars: {}, profile: example_db, target: local, version: 1.12.3
[0m10:51:54.214984 [info ] [MainThread]: Unable to do partial parsing because saved manifest not found. Starting full parse.
[0m10:51:54.215202 [debug] [MainThread]: Sending event: {'category': 'dbt', 'action': 'partial_parser', 'label': '250ef84f-d48e-458b-a2a5-a33a4b4f9053', 'context': [<snowplow_tracker.self_describing_json.SelfDescribingJson object at 0x10cee6e50>]}
[0m10:51:55.018678 [debug] [MainThread]: Sending event: {'category': 'dbt', 'action': 'load_project', 'label': '250ef84f-d48e-458b-a2a5-a33a4b4f9053', 'context': [<snowplow_tracker.self_describing_json.SelfDescribingJson object at 0x111a347c0>]}
[0m10:51:55.019597 [info ] [MainThread]: Performance info: /Users/alvarosantosandres/personal/datahub-local-ai/workflows/dbt/projects/example_db/target/perf_info.json
[0m10:51:55.036894 [debug] [MainThread]: Wrote artifact WritableManifest to /Users/alvarosantosandres/personal/datahub-local-ai/workflows/dbt/projects/example_db/target/manifest.json
[0m10:51:55.038948 [debug] [MainThread]: Wrote artifact SemanticManifest to /Users/alvarosantosandres/personal/datahub-local-ai/workflows/dbt/projects/example_db/target/semantic_manifest.json
[0m10:51:55.040422 [debug] [MainThread]: Wrote artifact OsiDocument to /Users/alvarosantosandres/personal/datahub-local-ai/workflows/dbt/projects/example_db/target/osi_document.json
[0m10:51:55.040675 [debug] [MainThread]: Resource report: {"command_name": "parse", "command_success": true, "command_wall_clock_time": 0.848751, "process_in_blocks": "0", "process_kernel_time": 0.462262, "process_mem_max_rss": "204423168", "process_out_blocks": "0", "process_user_time": 2.36004}
[0m10:51:55.040917 [debug] [MainThread]: Command `cli parse` succeeded at 10:51:55.040873 after 0.85 seconds
[0m10:51:55.041106 [debug] [MainThread]: Sending event: {'category': 'dbt', 'action': 'invocation', 'label': 'end', 'context': [<snowplow_tracker.self_describing_json.SelfDescribingJson object at 0x1119cda30>, <snowplow_tracker.self_describing_json.SelfDescribingJson object at 0x111b39a90>, <snowplow_tracker.self_describing_json.SelfDescribingJson object at 0x111b39010>]}
[0m10:51:55.041310 [debug] [MainThread]: Flushing usage events
[0m10:51:55.552906 [debug] [MainThread]: An error was encountered while trying to flush usage events
[0m11:00:42.892443 [debug] [MainThread]: Sending event: {'category': 'dbt', 'action': 'invocation', 'label': 'start', 'context': [<snowplow_tracker.self_describing_json.SelfDescribingJson object at 0x10ec35f10>, <snowplow_tracker.self_describing_json.SelfDescribingJson object at 0x10f325010>, <snowplow_tracker.self_describing_json.SelfDescribingJson object at 0x10ea33cd0>]}


============================== 11:00:42.893793 | 55ed0bcd-2009-4bce-9e7b-8417c4c35bee ==============================
[0m11:00:42.893793 [info ] [MainThread]: Running with dbt=1.12.3
[0m11:00:42.894408 [debug] [MainThread]: running dbt with arguments {'hints_enabled': 'True', 'warn_error': 'None', 'printer_width': '80', 'debug': 'False', 'use_experimental_parser': 'False', 'log_path': '/Users/alvarosantosandres/personal/datahub-local-ai/workflows/dbt/projects/example_db/logs', 'no_print': 'None', 'cache_selected_only': 'False', 'indirect_selection': 'eager', 'profiles_dir': '/Users/alvarosantosandres/personal/datahub-local-ai/workflows/dbt/projects/example_db', 'use_colors': 'True', 'write_json': 'True', 'log_cache_events': 'False', 'introspect': 'True', 'empty': 'None', 'maximum_seed_size_mib': '1', 'fail_fast': 'False', 'quiet': 'False', 'static_parser': 'True', 'version_check': 'True', 'send_anonymous_usage_stats': 'True', 'warn_error_options': 'WarnErrorOptionsV2(error=[], warn=[], silence=[])', 'invocation_command': 'dbt tests/ --ignore=tests/example_db/test_integration.py -q', 'target_path': 'None', 'partial_parse': 'True', 'log_format': 'default'}
[0m11:00:42.909528 [debug] [MainThread]: Sending event: {'category': 'dbt', 'action': 'project_id', 'label': '55ed0bcd-2009-4bce-9e7b-8417c4c35bee', 'context': [<snowplow_tracker.self_describing_json.SelfDescribingJson object at 0x10efe3bb0>]}
[0m11:00:42.910585 [debug] [MainThread]: Sending event: {'category': 'dbt', 'action': 'adapter_info', 'label': '55ed0bcd-2009-4bce-9e7b-8417c4c35bee', 'context': [<snowplow_tracker.self_describing_json.SelfDescribingJson object at 0x10e2ec5f0>]}
[0m11:00:42.911159 [info ] [MainThread]: Registered adapter: duckdb=1.11.0
[0m11:00:42.918688 [debug] [MainThread]: checksum: 6be0382834d410792f403e1604e297c9124fe5b16348aa0a9deb14d600231531, vars: {}, profile: example_db, target: local, version: 1.12.3
[0m11:00:42.929719 [info ] [MainThread]: Unable to do partial parsing because profile has changed
[0m11:00:42.930008 [debug] [MainThread]: Sending event: {'category': 'dbt', 'action': 'partial_parser', 'label': '55ed0bcd-2009-4bce-9e7b-8417c4c35bee', 'context': [<snowplow_tracker.self_describing_json.SelfDescribingJson object at 0x10f596550>]}
[0m11:00:43.731620 [debug] [MainThread]: Sending event: {'category': 'dbt', 'action': 'load_project', 'label': '55ed0bcd-2009-4bce-9e7b-8417c4c35bee', 'context': [<snowplow_tracker.self_describing_json.SelfDescribingJson object at 0x10f47d470>]}
[0m11:00:43.732503 [info ] [MainThread]: Performance info: /Users/alvarosantosandres/personal/datahub-local-ai/workflows/dbt/projects/example_db/target/perf_info.json
[0m11:00:43.749485 [debug] [MainThread]: Wrote artifact WritableManifest to /Users/alvarosantosandres/personal/datahub-local-ai/workflows/dbt/projects/example_db/target/manifest.json
[0m11:00:43.751299 [debug] [MainThread]: Wrote artifact SemanticManifest to /Users/alvarosantosandres/personal/datahub-local-ai/workflows/dbt/projects/example_db/target/semantic_manifest.json
[0m11:00:43.752722 [debug] [MainThread]: Wrote artifact OsiDocument to /Users/alvarosantosandres/personal/datahub-local-ai/workflows/dbt/projects/example_db/target/osi_document.json
[0m11:00:43.752988 [debug] [MainThread]: Resource report: {"command_name": "parse", "command_success": true, "command_wall_clock_time": 0.8640198, "process_in_blocks": "0", "process_kernel_time": 0.401134, "process_mem_max_rss": "200572928", "process_out_blocks": "0", "process_user_time": 2.172954}
[0m11:00:43.753225 [debug] [MainThread]: Command `cli parse` succeeded at 11:00:43.753185 after 0.86 seconds
[0m11:00:43.753414 [debug] [MainThread]: Sending event: {'category': 'dbt', 'action': 'invocation', 'label': 'end', 'context': [<snowplow_tracker.self_describing_json.SelfDescribingJson object at 0x10f4745f0>, <snowplow_tracker.self_describing_json.SelfDescribingJson object at 0x10f477530>, <snowplow_tracker.self_describing_json.SelfDescribingJson object at 0x10f4772f0>]}
[0m11:00:43.753605 [debug] [MainThread]: Flushing usage events
[0m11:00:44.295637 [debug] [MainThread]: An error was encountered while trying to flush usage events
[0m17:01:30.142733 [debug] [MainThread]: Sending event: {'category': 'dbt', 'action': 'invocation', 'label': 'start', 'context': [<snowplow_tracker.self_describing_json.SelfDescribingJson object at 0x10cc9df10>, <snowplow_tracker.self_describing_json.SelfDescribingJson object at 0x10d261010>, <snowplow_tracker.self_describing_json.SelfDescribingJson object at 0x10ca9bcd0>]}


============================== 17:01:30.144073 | 36572fb9-ff9c-4421-a306-ff65f2aed996 ==============================
[0m17:01:30.144073 [info ] [MainThread]: Running with dbt=1.12.3
[0m17:01:30.144571 [debug] [MainThread]: running dbt with arguments {'use_colors': 'True', 'cache_selected_only': 'False', 'invocation_command': 'dbt tests/ --ignore=tests/example_db/test_integration.py -q', 'maximum_seed_size_mib': '1', 'log_path': '/Users/alvarosantosandres/personal/datahub-local-ai/workflows/dbt/projects/example_db/logs', 'debug': 'False', 'write_json': 'True', 'introspect': 'True', 'indirect_selection': 'eager', 'fail_fast': 'False', 'empty': 'None', 'log_format': 'default', 'hints_enabled': 'True', 'partial_parse': 'True', 'target_path': 'None', 'profiles_dir': '/Users/alvarosantosandres/personal/datahub-local-ai/workflows/dbt/projects/example_db', 'quiet': 'False', 'static_parser': 'True', 'warn_error_options': 'WarnErrorOptionsV2(error=[], warn=[], silence=[])', 'log_cache_events': 'False', 'use_experimental_parser': 'False', 'send_anonymous_usage_stats': 'True', 'version_check': 'True', 'printer_width': '80', 'warn_error': 'None', 'no_print': 'None'}
[0m17:01:30.160382 [debug] [MainThread]: Sending event: {'category': 'dbt', 'action': 'project_id', 'label': '36572fb9-ff9c-4421-a306-ff65f2aed996', 'context': [<snowplow_tracker.self_describing_json.SelfDescribingJson object at 0x10d04fd90>]}
[0m17:01:30.161660 [debug] [MainThread]: Sending event: {'category': 'dbt', 'action': 'adapter_info', 'label': '36572fb9-ff9c-4421-a306-ff65f2aed996', 'context': [<snowplow_tracker.self_describing_json.SelfDescribingJson object at 0x10c338830>]}
[0m17:01:30.162340 [info ] [MainThread]: Registered adapter: duckdb=1.11.0
[0m17:01:30.169879 [debug] [MainThread]: checksum: 6be0382834d410792f403e1604e297c9124fe5b16348aa0a9deb14d600231531, vars: {}, profile: example_db, target: local, version: 1.12.3
[0m17:01:30.180642 [info ] [MainThread]: Unable to do partial parsing because profile has changed
[0m17:01:30.180974 [debug] [MainThread]: Sending event: {'category': 'dbt', 'action': 'partial_parser', 'label': '36572fb9-ff9c-4421-a306-ff65f2aed996', 'context': [<snowplow_tracker.self_describing_json.SelfDescribingJson object at 0x10d6046d0>]}
[0m17:01:31.028832 [debug] [MainThread]: Sending event: {'category': 'dbt', 'action': 'load_project', 'label': '36572fb9-ff9c-4421-a306-ff65f2aed996', 'context': [<snowplow_tracker.self_describing_json.SelfDescribingJson object at 0x10d5519b0>]}
[0m17:01:31.029866 [info ] [MainThread]: Performance info: /Users/alvarosantosandres/personal/datahub-local-ai/workflows/dbt/projects/example_db/target/perf_info.json
[0m17:01:31.048146 [debug] [MainThread]: Wrote artifact WritableManifest to /Users/alvarosantosandres/personal/datahub-local-ai/workflows/dbt/projects/example_db/target/manifest.json
[0m17:01:31.051690 [debug] [MainThread]: Wrote artifact SemanticManifest to /Users/alvarosantosandres/personal/datahub-local-ai/workflows/dbt/projects/example_db/target/semantic_manifest.json
[0m17:01:31.053415 [debug] [MainThread]: Wrote artifact OsiDocument to /Users/alvarosantosandres/personal/datahub-local-ai/workflows/dbt/projects/example_db/target/osi_document.json
[0m17:01:31.053724 [debug] [MainThread]: Resource report: {"command_name": "parse", "command_success": true, "command_wall_clock_time": 0.91421, "process_in_blocks": "0", "process_kernel_time": 0.453938, "process_mem_max_rss": "196689920", "process_out_blocks": "0", "process_user_time": 2.225018}
[0m17:01:31.053979 [debug] [MainThread]: Command `cli parse` succeeded at 17:01:31.053935 after 0.91 seconds
[0m17:01:31.054182 [debug] [MainThread]: Sending event: {'category': 'dbt', 'action': 'invocation', 'label': 'end', 'context': [<snowplow_tracker.self_describing_json.SelfDescribingJson object at 0x10d4fcbf0>, <snowplow_tracker.self_describing_json.SelfDescribingJson object at 0x10d4ff530>, <snowplow_tracker.self_describing_json.SelfDescribingJson object at 0x10d4ff4d0>]}
[0m17:01:31.054387 [debug] [MainThread]: Flushing usage events
[0m17:01:31.543958 [debug] [MainThread]: An error was encountered while trying to flush usage events
[0m17:27:29.827370 [debug] [MainThread]: Sending event: {'category': 'dbt', 'action': 'invocation', 'label': 'start', 'context': [<snowplow_tracker.self_describing_json.SelfDescribingJson object at 0x11135de50>, <snowplow_tracker.self_describing_json.SelfDescribingJson object at 0x1113b4050>, <snowplow_tracker.self_describing_json.SelfDescribingJson object at 0x11091fcd0>]}


============================== 17:27:29.828551 | dcec19c0-58f8-48c6-a34a-c109a3ec5d49 ==============================
[0m17:27:29.828551 [info ] [MainThread]: Running with dbt=1.12.3
[0m17:27:29.828937 [debug] [MainThread]: running dbt with arguments {'log_path': '/Users/alvarosantosandres/personal/datahub-local-ai/workflows/dbt/projects/example_db/logs', 'send_anonymous_usage_stats': 'True', 'empty': 'None', 'quiet': 'False', 'log_cache_events': 'False', 'introspect': 'True', 'debug': 'False', 'printer_width': '80', 'use_experimental_parser': 'False', 'maximum_seed_size_mib': '1', 'warn_error': 'None', 'invocation_command': 'dbt tests/ --ignore=tests/example_db/test_integration.py -q', 'target_path': 'None', 'indirect_selection': 'eager', 'no_print': 'None', 'profiles_dir': '/Users/alvarosantosandres/personal/datahub-local-ai/workflows/dbt/projects/example_db', 'log_format': 'default', 'write_json': 'True', 'warn_error_options': 'WarnErrorOptionsV2(error=[], warn=[], silence=[])', 'fail_fast': 'False', 'use_colors': 'True', 'version_check': 'True', 'hints_enabled': 'True', 'partial_parse': 'True', 'cache_selected_only': 'False', 'static_parser': 'True'}
[0m17:27:29.838952 [debug] [MainThread]: Sending event: {'category': 'dbt', 'action': 'project_id', 'label': 'dcec19c0-58f8-48c6-a34a-c109a3ec5d49', 'context': [<snowplow_tracker.self_describing_json.SelfDescribingJson object at 0x110eea990>]}
[0m17:27:29.839770 [debug] [MainThread]: Sending event: {'category': 'dbt', 'action': 'adapter_info', 'label': 'dcec19c0-58f8-48c6-a34a-c109a3ec5d49', 'context': [<snowplow_tracker.self_describing_json.SelfDescribingJson object at 0x11019cb00>]}
[0m17:27:29.840186 [info ] [MainThread]: Registered adapter: duckdb=1.11.0
[0m17:27:29.845348 [debug] [MainThread]: checksum: 6be0382834d410792f403e1604e297c9124fe5b16348aa0a9deb14d600231531, vars: {}, profile: example_db, target: local, version: 1.12.3
[0m17:27:29.852390 [info ] [MainThread]: Unable to do partial parsing because profile has changed
[0m17:27:29.852649 [debug] [MainThread]: Sending event: {'category': 'dbt', 'action': 'partial_parser', 'label': 'dcec19c0-58f8-48c6-a34a-c109a3ec5d49', 'context': [<snowplow_tracker.self_describing_json.SelfDescribingJson object at 0x111497f50>]}
[0m17:27:30.733227 [debug] [MainThread]: Sending event: {'category': 'dbt', 'action': 'load_project', 'label': 'dcec19c0-58f8-48c6-a34a-c109a3ec5d49', 'context': [<snowplow_tracker.self_describing_json.SelfDescribingJson object at 0x1159e1630>]}
[0m17:27:30.734182 [info ] [MainThread]: Performance info: /Users/alvarosantosandres/personal/datahub-local-ai/workflows/dbt/projects/example_db/target/perf_info.json
[0m17:27:30.754327 [debug] [MainThread]: Wrote artifact WritableManifest to /Users/alvarosantosandres/personal/datahub-local-ai/workflows/dbt/projects/example_db/target/manifest.json
[0m17:27:30.756278 [debug] [MainThread]: Wrote artifact SemanticManifest to /Users/alvarosantosandres/personal/datahub-local-ai/workflows/dbt/projects/example_db/target/semantic_manifest.json
[0m17:27:30.757657 [debug] [MainThread]: Wrote artifact OsiDocument to /Users/alvarosantosandres/personal/datahub-local-ai/workflows/dbt/projects/example_db/target/osi_document.json
[0m17:27:30.757918 [debug] [MainThread]: Resource report: {"command_name": "parse", "command_success": true, "command_wall_clock_time": 0.9330555, "process_in_blocks": "0", "process_kernel_time": 0.416699, "process_mem_max_rss": "200671232", "process_out_blocks": "0", "process_user_time": 2.29648}
[0m17:27:30.758157 [debug] [MainThread]: Command `cli parse` succeeded at 17:27:30.758116 after 0.93 seconds
[0m17:27:30.758352 [debug] [MainThread]: Sending event: {'category': 'dbt', 'action': 'invocation', 'label': 'end', 'context': [<snowplow_tracker.self_describing_json.SelfDescribingJson object at 0x115903d10>, <snowplow_tracker.self_describing_json.SelfDescribingJson object at 0x1159021b0>, <snowplow_tracker.self_describing_json.SelfDescribingJson object at 0x115902ab0>]}
[0m17:27:30.758547 [debug] [MainThread]: Flushing usage events
[0m17:27:31.311610 [debug] [MainThread]: An error was encountered while trying to flush usage events
[0m17:32:57.139180 [debug] [MainThread]: Sending event: {'category': 'dbt', 'action': 'invocation', 'label': 'start', 'context': [<snowplow_tracker.self_describing_json.SelfDescribingJson object at 0x111319e50>, <snowplow_tracker.self_describing_json.SelfDescribingJson object at 0x111378050>, <snowplow_tracker.self_describing_json.SelfDescribingJson object at 0x1108e3cd0>]}


============================== 17:32:57.139743 | 6faf6ac8-a636-4db3-8c84-861c047f19a9 ==============================
[0m17:32:57.139743 [info ] [MainThread]: Running with dbt=1.12.3
[0m17:32:57.140128 [debug] [MainThread]: running dbt with arguments {'profiles_dir': '/Users/alvarosantosandres/personal/datahub-local-ai/workflows/dbt/projects/example_db', 'target_path': 'None', 'indirect_selection': 'eager', 'printer_width': '80', 'warn_error_options': 'WarnErrorOptionsV2(error=[], warn=[], silence=[])', 'warn_error': 'None', 'partial_parse': 'True', 'log_path': '/Users/alvarosantosandres/personal/datahub-local-ai/workflows/dbt/projects/example_db/logs', 'send_anonymous_usage_stats': 'True', 'static_parser': 'True', 'fail_fast': 'False', 'hints_enabled': 'True', 'invocation_command': 'dbt tests/ --ignore=tests/example_db/test_integration.py -q', 'debug': 'False', 'empty': 'None', 'write_json': 'True', 'use_colors': 'True', 'quiet': 'False', 'use_experimental_parser': 'False', 'no_print': 'None', 'introspect': 'True', 'version_check': 'True', 'log_cache_events': 'False', 'log_format': 'default', 'maximum_seed_size_mib': '1', 'cache_selected_only': 'False'}
[0m17:32:57.150637 [debug] [MainThread]: Sending event: {'category': 'dbt', 'action': 'project_id', 'label': '6faf6ac8-a636-4db3-8c84-861c047f19a9', 'context': [<snowplow_tracker.self_describing_json.SelfDescribingJson object at 0x110eae990>]}
[0m17:32:57.151448 [debug] [MainThread]: Sending event: {'category': 'dbt', 'action': 'adapter_info', 'label': '6faf6ac8-a636-4db3-8c84-861c047f19a9', 'context': [<snowplow_tracker.self_describing_json.SelfDescribingJson object at 0x110160b00>]}
[0m17:32:57.151884 [info ] [MainThread]: Registered adapter: duckdb=1.11.0
[0m17:32:57.157503 [debug] [MainThread]: checksum: 6be0382834d410792f403e1604e297c9124fe5b16348aa0a9deb14d600231531, vars: {}, profile: example_db, target: local, version: 1.12.3
[0m17:32:57.165790 [info ] [MainThread]: Unable to do partial parsing because profile has changed
[0m17:32:57.166116 [debug] [MainThread]: Sending event: {'category': 'dbt', 'action': 'partial_parser', 'label': '6faf6ac8-a636-4db3-8c84-861c047f19a9', 'context': [<snowplow_tracker.self_describing_json.SelfDescribingJson object at 0x11145bf50>]}
[0m17:32:57.978128 [debug] [MainThread]: Sending event: {'category': 'dbt', 'action': 'load_project', 'label': '6faf6ac8-a636-4db3-8c84-861c047f19a9', 'context': [<snowplow_tracker.self_describing_json.SelfDescribingJson object at 0x1159e1630>]}
[0m17:32:57.979117 [info ] [MainThread]: Performance info: /Users/alvarosantosandres/personal/datahub-local-ai/workflows/dbt/projects/example_db/target/perf_info.json
[0m17:32:57.996121 [debug] [MainThread]: Wrote artifact WritableManifest to /Users/alvarosantosandres/personal/datahub-local-ai/workflows/dbt/projects/example_db/target/manifest.json
[0m17:32:57.998143 [debug] [MainThread]: Wrote artifact SemanticManifest to /Users/alvarosantosandres/personal/datahub-local-ai/workflows/dbt/projects/example_db/target/semantic_manifest.json
[0m17:32:57.999770 [debug] [MainThread]: Wrote artifact OsiDocument to /Users/alvarosantosandres/personal/datahub-local-ai/workflows/dbt/projects/example_db/target/osi_document.json
[0m17:32:58.000037 [debug] [MainThread]: Resource report: {"command_name": "parse", "command_success": true, "command_wall_clock_time": 0.8633805, "process_in_blocks": "0", "process_kernel_time": 0.384824, "process_mem_max_rss": "198721536", "process_out_blocks": "0", "process_user_time": 2.200933}
[0m17:32:58.000296 [debug] [MainThread]: Command `cli parse` succeeded at 17:32:58.000254 after 0.86 seconds
[0m17:32:58.000491 [debug] [MainThread]: Sending event: {'category': 'dbt', 'action': 'invocation', 'label': 'end', 'context': [<snowplow_tracker.self_describing_json.SelfDescribingJson object at 0x115896db0>, <snowplow_tracker.self_describing_json.SelfDescribingJson object at 0x11145c830>, <snowplow_tracker.self_describing_json.SelfDescribingJson object at 0x11145d430>]}
[0m17:32:58.000683 [debug] [MainThread]: Flushing usage events
[0m17:32:58.559029 [debug] [MainThread]: An error was encountered while trying to flush usage events
